This is XeTeX, Version 3.141592653-2.6-0.999997 (TeX Live 2025) (preloaded format=xelatex)
 restricted \write18 enabled.
entering extended mode
(./template.tex
LaTeX2e <2024-11-01> patch level 2
L3 programming layer <2025-01-18>
(./aas.cls
Document Class: aas 2006/04/24 v0.3 AAS CJK LaTeX template class
(d:/texlive/2025/texmf-dist/tex/latex/base/article.cls
Document Class: article 2024/06/29 v1.4n Standard LaTeX document class
(d:/texlive/2025/texmf-dist/tex/latex/base/size10.clo))
(d:/texlive/2025/texmf-dist/tex/latex/base/ifthen.sty)
(d:/texlive/2025/texmf-dist/tex/latex/sttools/flushend.sty)
(d:/texlive/2025/texmf-dist/tex/latex/ctex/ctex.sty
(d:/texlive/2025/texmf-dist/tex/latex/l3kernel/expl3.sty
(d:/texlive/2025/texmf-dist/tex/latex/l3backend/l3backend-xetex.def))
(d:/texlive/2025/texmf-dist/tex/latex/ctex/ctexhook.sty)
(d:/texlive/2025/texmf-dist/tex/latex/ctex/ctexpatch.sty)
(d:/texlive/2025/texmf-dist/tex/latex/base/fix-cm.sty
(d:/texlive/2025/texmf-dist/tex/latex/base/ts1enc.def))
(d:/texlive/2025/texmf-dist/tex/latex/ctex/config/ctexopts.cfg)
(d:/texlive/2025/texmf-dist/tex/latex/ctex/engine/ctex-engine-xetex.def
(d:/texlive/2025/texmf-dist/tex/xelatex/xecjk/xeCJK.sty
(d:/texlive/2025/texmf-dist/tex/latex/l3packages/xtemplate/xtemplate.sty)
(d:/texlive/2025/texmf-dist/tex/latex/fontspec/fontspec.sty
(d:/texlive/2025/texmf-dist/tex/latex/l3packages/xparse/xparse.sty)
(d:/texlive/2025/texmf-dist/tex/latex/fontspec/fontspec-xetex.sty
(d:/texlive/2025/texmf-dist/tex/latex/base/fontenc.sty)
(d:/texlive/2025/texmf-dist/tex/latex/fontspec/fontspec.cfg)))
(d:/texlive/2025/texmf-dist/tex/xelatex/xecjk/xeCJK.cfg)))
(d:/texlive/2025/texmf-dist/tex/latex/zhnumber/zhnumber.sty
(d:/texlive/2025/texmf-dist/tex/latex/zhnumber/zhnumber-utf8.cfg))
(d:/texlive/2025/texmf-dist/tex/latex/ctex/scheme/ctex-scheme-chinese.def
(d:/texlive/2025/texmf-dist/tex/latex/ctex/config/ctex-name-utf8.cfg))
(d:/texlive/2025/texmf-dist/tex/latex/tools/indentfirst.sty)
(d:/texlive/2025/texmf-dist/tex/latex/ctex/ctex-c5size.clo)
(d:/texlive/2025/texmf-dist/tex/latex/ctex/fontset/ctex-fontset-windows.def))
(d:/texlive/2025/texmf-dist/tex/latex/ctex/config/ctex.cfg) (./picins.sty
Option `picins' Version 3.0 Sep. 1992, TH Darmstadt/HRZ)
(d:/texlive/2025/texmf-dist/tex/latex/tools/calc.sty))
(d:/texlive/2025/texmf-dist/tex/latex/tools/multicol.sty)
(d:/texlive/2025/texmf-dist/tex/latex/subfigure/subfigure.sty
****************************************
* Local config file subfigure.cfg used *
****************************************
(d:/texlive/2025/texmf-dist/tex/latex/subfigure/subfigure.cfg))
(d:/texlive/2025/texmf-dist/tex/latex/amsmath/amsmath.sty
For additional information on amsmath, use the `?' option.
(d:/texlive/2025/texmf-dist/tex/latex/amsmath/amstext.sty
(d:/texlive/2025/texmf-dist/tex/latex/amsmath/amsgen.sty))
(d:/texlive/2025/texmf-dist/tex/latex/amsmath/amsbsy.sty)
(d:/texlive/2025/texmf-dist/tex/latex/amsmath/amsopn.sty))
(d:/texlive/2025/texmf-dist/tex/latex/amsfonts/amssymb.sty
(d:/texlive/2025/texmf-dist/tex/latex/amsfonts/amsfonts.sty))
(d:/texlive/2025/texmf-dist/tex/latex/tools/bm.sty)
(d:/texlive/2025/texmf-dist/tex/latex/graphics/graphicx.sty
(d:/texlive/2025/texmf-dist/tex/latex/graphics/keyval.sty)
(d:/texlive/2025/texmf-dist/tex/latex/graphics/graphics.sty
(d:/texlive/2025/texmf-dist/tex/latex/graphics/trig.sty)
(d:/texlive/2025/texmf-dist/tex/latex/graphics-cfg/graphics.cfg)
(d:/texlive/2025/texmf-dist/tex/latex/graphics-def/xetex.def)))
(d:/texlive/2025/texmf-dist/tex/latex/url/url.sty)
(d:/texlive/2025/texmf-dist/tex/latex/ccaption/ccaption.sty)
(d:/texlive/2025/texmf-dist/tex/latex/booktabs/booktabs.sty)
(d:/texlive/2025/texmf-dist/tex/latex/multirow/multirow.sty)
(d:/texlive/2025/texmf-dist/tex/latex/algorithmicx/algpseudocode.sty
(d:/texlive/2025/texmf-dist/tex/latex/algorithmicx/algorithmicx.sty
Document Style algorithmicx 1.2 - a greatly improved `algorithmic' style
)
Document Style - pseudocode environments for use with the `algorithmicx' style
) (./template.aux) (./aas.cfg)

Package ctex Warning: Command `\CTEXindent' is deprecated.
(ctex)                \parindent is set to 2\ccwd .

(d:/texlive/2025/texmf-dist/tex/latex/amsfonts/umsa.fd)
(d:/texlive/2025/texmf-dist/tex/latex/amsfonts/umsb.fd)


Overfull \hbox (2.33975pt too wide) has occurred while \output is active
[] 

Overfull \vbox (13.2832pt too high) has occurred while \output is active
[1]

LaTeX Warning: Reference `subsec:frame' on page 2 undefined on input line 104.


LaTeX Warning: Reference `subsec:hub_kinematics' on page 2 undefined on input l
ine 105.


LaTeX Warning: Reference `subsec:rotation' on page 2 undefined on input line 10
6.


LaTeX Warning: Reference `subsec:induced' on page 2 undefined on input line 107
.


LaTeX Warning: Reference `subsec:state_def' on page 2 undefined on input line 1
08.


Overfull \vbox (12.24226pt too high) has occurred while \output is active
[2]

LaTeX Warning: Reference `eq:hub_a' on page 3 undefined on input line 156.


LaTeX Warning: Reference `eq:load_factor' on page 3 undefined on input line 165
.


LaTeX Warning: Reference `eq:hub_a' on page 3 undefined on input line 167.


Overfull \hbox (28.8141pt too wide) detected at line 188
[]\OML/cmm/m/it/10.53937 V[] \OT1/cmr/m/n/10.53937 = \OML/cmm/b/it/10.53937 u[]
n[]\OML/cmm/m/it/10.53937 ;  \OML/cmm/b/it/10.53937 u[] \OT1/cmr/m/n/10.53937 =
 [] \OML/cmm/b/it/10.53937 u[]\OML/cmm/m/it/10.53937 ;  V[] \OT1/cmr/m/n/10.539
37 = []

Overfull \hbox (41.16714pt too wide) detected at line 213
[]\OML/cmm/m/it/10.53937 ^^U[] \OT1/cmr/m/n/10.53937 = []\OML/cmm/m/it/10.53937
 ;  ^^_[] \OT1/cmr/m/n/10.53937 = [] []

LaTeX Warning: Reference `subsec:lift' on page 3 undefined on input line 216.


LaTeX Warning: Reference `eq:thrust' on page 3 undefined on input line 216.


LaTeX Warning: Reference `eq:mu_lambda' on page 3 undefined on input line 218.


LaTeX Warning: Reference `eq:alpha_psiw' on page 3 undefined on input line 218.



LaTeX Warning: Reference `eq:omega_rotor' on page 3 undefined on input line 231
.


LaTeX Warning: Reference `eq:UP' on page 3 undefined on input line 246.


LaTeX Warning: Reference `eq:u_hub' on page 3 undefined on input line 259.


LaTeX Warning: Reference `eq:omega_par' on page 3 undefined on input line 259.


Overfull \hbox (1.36546pt too wide) detected at line 266
[]

LaTeX Warning: Reference `eq:UT' on page 3 undefined on input line 268.


LaTeX Warning: Reference `eq:UP' on page 3 undefined on input line 269.


LaTeX Warning: Reference `subsec:induced' on page 3 undefined on input line 273
.


Overfull \hbox (2.33975pt too wide) has occurred while \output is active
[] 

Overfull \vbox (12.31282pt too high) has occurred while \output is active
[3]

LaTeX Warning: Reference `eq:UT' on page 4 undefined on input line 275.


LaTeX Warning: Reference `eq:UP' on page 4 undefined on input line 275.


LaTeX Warning: Reference `subsec:lift' on page 4 undefined on input line 285.


LaTeX Warning: Reference `eq:UP' on page 4 undefined on input line 290.


Overfull \hbox (119.20251pt too wide) detected at line 300
[]\OML/cmm/m/it/10.53937 v[]\OT1/cmr/m/n/10.53937 (\OML/cmm/m/it/10.53937 ^^Z; 
 \OT1/cmr/m/n/10.53937 ) = \OML/cmm/m/it/10.53937 ^^U[]\OT1/cmr/m/n/10.53937 (\
OML/cmm/m/it/10.53937 ^^Z;  \OT1/cmr/m/n/10.53937 ) 
[]\OML/cmm/m/it/10.53937 R[];  ^^U[]\OT1/cmr/m/n/10.53937 (\OML/cmm/m/it/10.539
37 ^^Z;  \OT1/cmr/m/n/10.53937 ) = \OML/cmm/m/it/10.53937 ^^U[] []

LaTeX Warning: Reference `eq:glauert' on page 4 undefined on input line 302.


LaTeX Warning: Reference `eq:ind_vel' on page 4 undefined on input line 304.


LaTeX Warning: Reference `eq:glauert' on page 4 undefined on input line 306.


LaTeX Warning: Reference `eq:thrust' on page 4 undefined on input line 306.


Overfull \hbox (3.61115pt too wide) detected at line 330
[][]\OML/cmm/m/it/10.53937 L \OT1/cmr/m/n/10.53937 = []\OML/cmm/m/it/10.53937 ^
^Z[]V[]C[] c\OT1/cmr/m/n/10.53937 (\OML/cmm/m/it/10.53937 ^^Z\OT1/cmr/m/n/10.53
937 ) []\OML/cmm/m/it/10.53937 ^^Z;  []D \OT1/cmr/m/n/10.53937 = []\OML/cmm/m/i
t/10.53937 ^^Z[]V[]C[] c\OT1/cmr/m/n/10.53937 (\OML/cmm/m/it/10.53937 ^^Z\OT1/c
mr/m/n/10.53937 ) []\OML/cmm/m/it/10.53937 ^^Z

Overfull \hbox (56.88367pt too wide) detected at line 347
[]\OML/cmm/m/it/10.53937 T[] \OT1/cmr/m/n/10.53937 = [] [][]   [][] []\OML/cmm/
m/it/10.53937 ^^Z[]c\OT1/cmr/m/n/10.53937 (\OML/cmm/m/it/10.53937 ^^Z\OT1/cmr/m
/n/10.53937 ) [] [] []\OML/cmm/m/it/10.53937 ^^Z [] 

LaTeX Warning: Reference `subsec:geo' on page 4 undefined on input line 352.



Overfull \vbox (12.24226pt too high) has occurred while \output is active
[4]

LaTeX Warning: Reference `eq:hub_p' on page 5 undefined on input line 376.


LaTeX Warning: Reference `eq:psi_int' on page 5 undefined on input line 376.


Overfull \hbox (66.17009pt too wide) detected at line 385
[]\OML/cmm/b/it/10.53937 s[] \OT1/cmr/m/n/10.53937 = []  \OMS/cmsy/m/n/10.53937
 ([])  []

LaTeX Warning: Reference `subsec:lift' on page 5 undefined on input line 388.


LaTeX Warning: Reference `eq:state_aero' on page 5 undefined on input line 389.



LaTeX Warning: Reference `eq:state_aero' on page 5 undefined on input line 392.



Overfull \hbox (27.8001pt too wide) in paragraph at lines 402--431
 [][] 

LaTeX Warning: Reference `eq:static_map' on page 5 undefined on input line 448.



Underfull \vbox (badness 10000) has occurred while \output is active

Overfull \hbox (2.33975pt too wide) has occurred while \output is active
[] 

Overfull \vbox (12.31282pt too high) has occurred while \output is active
[5]

LaTeX Warning: Reference `subsec:lift' on page 6 undefined on input line 499.


Overfull \vbox (12.24226pt too high) has occurred while \output is active
[6]

LaTeX Warning: Reference `eq:ind_vel' on page 7 undefined on input line 525.


LaTeX Warning: Reference `eq:bench_vel' on page 7 undefined on input line 525.


LaTeX Warning: Reference `subsec:inflow' on page 7 undefined on input line 527.



LaTeX Warning: Reference `eq:mu_lambda' on page 7 undefined on input line 533.


LaTeX Warning: Reference `eq:glauert' on page 7 undefined on input line 533.


LaTeX Warning: Reference `eq:bench_vel' on page 7 undefined on input line 533.


LaTeX Warning: Reference `subsec:blade_element' on page 7 undefined on input li
ne 533.


LaTeX Warning: Reference `subsec:lift' on page 7 undefined on input line 535.


Underfull \hbox (badness 7273) in paragraph at lines 544--545
[]\TU/SimSun(0)/m/n/10.53937 桨 叶 几 何 $\OML/cmm/m/it/10.53937 c\OT1/cmr/m/n/10.5
3937 (\OML/cmm/m/it/10.53937 ^^Z\OT1/cmr/m/n/10.53937 )$\TU/SimSun(0)/m/n/10.53
937 、| $\OML/cmm/m/it/10.53937 ^^R\OT1/cmr/m/n/10.53937 (\OML/cmm/m/it/10.53937
 ^^Z\OT1/cmr/m/n/10.53937 )$ \TU/SimSun(0)/m/n/10.53937 与 翼 型 极 线

LaTeX Warning: Reference `eq:bench_vel' on page 7 undefined on input line 553.


LaTeX Warning: Reference `eq:ind_vel' on page 7 undefined on input line 553.


LaTeX Warning: Reference `eq:dLdD' on page 7 undefined on input line 555.


LaTeX Warning: Reference `eq:dT' on page 7 undefined on input line 555.


LaTeX Warning: Reference `eq:thrust' on page 7 undefined on input line 557.


LaTeX Warning: Reference `eq:glauert' on page 7 undefined on input line 558.


Overfull \hbox (2.33975pt too wide) has occurred while \output is active
[] 

Overfull \vbox (12.31282pt too high) has occurred while \output is active
[7]

LaTeX Warning: Reference `subsec:bench' on page 8 undefined on input line 620.


Overfull \vbox (12.24226pt too high) has occurred while \output is active
[8]
Overfull \hbox (2.33975pt too wide) has occurred while \output is active
[] 

Overfull \vbox (12.31282pt too high) has occurred while \output is active
[9]
Overfull \vbox (30.62729pt too high) has occurred while \output is active
[10]

Overfull \hbox (2.33975pt too wide) has occurred while \output is active
[] 

Overfull \vbox (12.31282pt too high) has occurred while \output is active
[11] (./template.aux)

LaTeX Warning: There were undefined references.


LaTeX Warning: Label(s) may have changed. Rerun to get cross-references right.

 )
(see the transcript file for additional information)
Output written on template.pdf (11 pages).
Transcript written on template.log.
